[duminimal.wixsite.com/bfhquake.html]
[backblue.gif]
[fade.gif]
[index.html]
[static.parastorage.com/services/third-party/requirejs/2.1.15/require.min.js]
[static.parastorage.com/services/santa/1.2311.5/app/main-r.min.js]
[static.parastorage.com/services/third-party/react/0.14.3/react-with-addons.min.js]
[static.parastorage.com/services/third-party/tweenmax/1.19.0/minified/TweenMax.min.js]
[static.parastorage.com/services/third-party/lodash/4.17.4/dist/lodash.min.js]
[duminimal.wixsite.com/sitemap.xml]
[duminimal.wixsite.com/feed.xml]
[duminimal.wixsite.com/bfhquake.html]
[static.parastorage.com/services/third-party/requirejs/2.1.15/require.min.js]
[duminimal.wixsite.com/index.html]
[duminimal.wixsite.com/GET]
[static.parastorage.com/services/santa/1.2311.5/app/main-r.min.js]
[static.parastorage.com/services/third-party/react/0.14.3/react-with-addons.min.js]
[static.parastorage.com/services/third-party/tweenmax/1.19.0/minified/TweenMax.min.js]
[static.parastorage.com/services/third-party/lodash/4.17.4/dist/lodash.min.js]
[duminimal.wixsite.com/sitemap.html]
[duminimal.wixsite.com/feed.html]
[duminimal.wixsite.com/index.html]
[duminimal.wixsite.com/GET.html]
[duminimal.wixsite.com/Version/index.html]
[duminimal.wixsite.com/Version/index.html]
